
Memory Configuration

Name             Origin             Length             Attributes
*default*        0x00000000         0xffffffff

Linker script and memory map

LOAD /usr/lib/gcc-lib/i386-redhat-linux/3.2/../../../crt1.o
LOAD /usr/lib/gcc-lib/i386-redhat-linux/3.2/../../../crti.o
LOAD /usr/lib/gcc-lib/i386-redhat-linux/3.2/crtbegin.o
LOAD /tmp/cc58ubPf.o
LOAD /usr/lib/gcc-lib/i386-redhat-linux/3.2/libgcc.a
LOAD /usr/lib/gcc-lib/i386-redhat-linux/3.2/libgcc_eh.a
LOAD /usr/lib/gcc-lib/i386-redhat-linux/3.2/../../../libc.so
START GROUP
LOAD /lib/libc.so.6
LOAD /usr/lib/libc_nonshared.a
END GROUP
LOAD /usr/lib/gcc-lib/i386-redhat-linux/3.2/libgcc.a
LOAD /usr/lib/gcc-lib/i386-redhat-linux/3.2/libgcc_eh.a
LOAD /usr/lib/gcc-lib/i386-redhat-linux/3.2/crtend.o
LOAD /usr/lib/gcc-lib/i386-redhat-linux/3.2/../../../crtn.o
                0x080480f4                . = (0x8048000 + SIZEOF_HEADERS)

.interp         0x080480f4       0x13
 *(.interp)
 .interp        0x080480f4       0x13 /usr/lib/gcc-lib/i386-redhat-linux/3.2/../../../crt1.o

.note.ABI-tag   0x08048108       0x20
 .note.ABI-tag  0x08048108       0x20 /usr/lib/gcc-lib/i386-redhat-linux/3.2/../../../crt1.o

.hash           0x08048128       0x2c
 *(.hash)
 .hash          0x08048128       0x2c /usr/lib/gcc-lib/i386-redhat-linux/3.2/../../../crt1.o

.dynsym         0x08048154       0x60
 *(.dynsym)
 .dynsym        0x08048154       0x60 /usr/lib/gcc-lib/i386-redhat-linux/3.2/../../../crt1.o

.dynstr         0x080481b4       0x51
 *(.dynstr)
 .dynstr        0x080481b4       0x51 /usr/lib/gcc-lib/i386-redhat-linux/3.2/../../../crt1.o

.gnu.version    0x08048206        0xc
 *(.gnu.version)
 .gnu.version   0x08048206        0xc /usr/lib/gcc-lib/i386-redhat-linux/3.2/../../../crt1.o

.gnu.version_d
 *(.gnu.version_d)

.gnu.version_r  0x08048214       0x20
 *(.gnu.version_r)
 .gnu.version_r
                0x08048214       0x20 /usr/lib/gcc-lib/i386-redhat-linux/3.2/../../../crt1.o

.rel.dyn        0x08048234        0x8
 *(.rel.init)
 *(.rel.text .rel.text.* .rel.gnu.linkonce.t.*)
 *(.rel.fini)
 *(.rel.rodata .rel.rodata.* .rel.gnu.linkonce.r.*)
 *(.rel.data .rel.data.* .rel.gnu.linkonce.d.*)
 *(.rel.tdata .rel.tdata.* .rel.gnu.linkonce.td.*)
 *(.rel.tbss .rel.tbss.* .rel.gnu.linkonce.tb.*)
 *(.rel.ctors)
 *(.rel.dtors)
 *(.rel.got)
 .rel.got       0x08048234        0x8 /usr/lib/gcc-lib/i386-redhat-linux/3.2/../../../crt1.o
 *(.rel.bss .rel.bss.* .rel.gnu.linkonce.b.*)

.rela.dyn
 *(.rela.init)
 *(.rela.text .rela.text.* .rela.gnu.linkonce.t.*)
 *(.rela.fini)
 *(.rela.rodata .rela.rodata.* .rela.gnu.linkonce.r.*)
 *(.rela.data .rela.data.* .rela.gnu.linkonce.d.*)
 *(.rela.tdata .rela.tdata.* .rela.gnu.linkonce.td.*)
 *(.rela.tbss .rela.tbss.* .rela.gnu.linkonce.tb.*)
 *(.rela.ctors)
 *(.rela.dtors)
 *(.rela.got)
 *(.rela.bss .rela.bss.* .rela.gnu.linkonce.b.*)

.rel.plt        0x0804823c       0x18
 *(.rel.plt)
 .rel.plt       0x0804823c       0x18 /usr/lib/gcc-lib/i386-redhat-linux/3.2/../../../crt1.o

.rela.plt
 *(.rela.plt)

.init           0x08048254       0x18
 *(.init)
 .init          0x08048254        0xc /usr/lib/gcc-lib/i386-redhat-linux/3.2/../../../crti.o
                0x08048254                _init
 .init          0x08048260        0x5 /usr/lib/gcc-lib/i386-redhat-linux/3.2/crtbegin.o
 .init          0x08048265        0x5 /usr/lib/gcc-lib/i386-redhat-linux/3.2/crtend.o
 .init          0x0804826a        0x2 /usr/lib/gcc-lib/i386-redhat-linux/3.2/../../../crtn.o

.plt            0x0804826c       0x40
 *(.plt)
 .plt           0x0804826c       0x40 /usr/lib/gcc-lib/i386-redhat-linux/3.2/../../../crt1.o
                0x0804827c                puts@@GLIBC_2.0
                0x0804828c                __libc_start_main@@GLIBC_2.0
                0x0804829c                printf@@GLIBC_2.0

.text           0x080482ac      0x1a8
 *(.text .stub .text.* .gnu.linkonce.t.*)
 .text          0x080482ac       0x24 /usr/lib/gcc-lib/i386-redhat-linux/3.2/../../../crt1.o
                0x080482ac                _start
 .text          0x080482d0       0x22 /usr/lib/gcc-lib/i386-redhat-linux/3.2/../../../crti.o
 *fill*         0x080482f2        0x2 90909090
 .text          0x080482f4       0x66 /usr/lib/gcc-lib/i386-redhat-linux/3.2/crtbegin.o
 *fill*         0x0804835a        0x2 90909090
 .text          0x0804835c       0xd3 /tmp/cc5:8ubPf.o
                0x0804840e                notfun
                0x080483ec                fun
                0x0804835c                main
 *fill*         0x0804842f        0x1 90909090
 .text          0x08048430       0x24 /usr/lib/gcc-lib/i386-redhat-linux/3.2/crtend.o
 *(.gnu.warning)

.fini           0x08048454       0x1c
 *(.fini)
 .fini          0x08048454       0x12 /usr/lib/gcc-lib/i386-redhat-linux/3.2/../../../crti.o
                0x08048454                _fini
 .fini          0x08048466        0x5 /usr/lib/gcc-lib/i386-redhat-linux/3.2/crtbegin.o
 .fini          0x0804846b        0x5 /usr/lib/gcc-lib/i386-redhat-linux/3.2/../../../crtn.o
                0x08048470                PROVIDE (__etext, .)
                0x08048470                PROVIDE (_etext, .)
                0x08048470                PROVIDE (etext, .)

.rodata         0x08048470       0x56
 *(.rodata .rodata.* .gnu.linkonce.r.*)
 .rodata        0x08048470        0x8 /usr/lib/gcc-lib/i386-redhat-linux/3.2/../../../crt1.o
                0x08048470                _fp_hw
                0x08048474                _IO_stdin_used
 .rodata        0x08048478       0x4e /tmp/cc58ubPf.o

.rodata1
 *(.rodata1)

.eh_frame_hdr
 *(.eh_frame_hdr)
                0x080494c6                . = (0x1000 DATA_SEGMENT_ALIGN 0x1000)
                0x080494c8                . = ALIGN (0x4)
                0x080494c8                PROVIDE (__preinit_array_start, .)

.preinit_array
 *(.preinit_array)
                0x080494c8                PROVIDE (__preinit_array_end, .)
                0x080494c8                PROVIDE (__init_array_start, .)

.init_array
 *(.init_array)
                0x080494c8                PROVIDE (__init_array_end, .)
                0x080494c8                PROVIDE (__fini_array_start, .)

.fini_array
 *(.fini_array)
                0x080494c8                PROVIDE (__fini_array_end, .)

.data           0x080494c8        0xc
 *(.data .data.* .gnu.linkonce.d.*)
 .data          0x080494c8        0x4 /usr/lib/gcc-lib/i386-redhat-linux/3.2/../../../crt1.o
                0x080494c8                data_start
                0x080494c8                __data_start
 .data          0x080494cc        0x8 /usr/lib/gcc-lib/i386-redhat-linux/3.2/crtbegin.o
                0x080494cc                __dso_handle

.data1
 *(.data1)

.tdata
 *(.tdata .tdata.* .gnu.linkonce.td.*)

.tbss
 *(.tbss .tbss.* .gnu.linkonce.tb.*)
 *(.tcommon)

.eh_frame       0x080494d4        0x4
 *(.eh_frame)
 .eh_frame      0x080494d4        0x4 /usr/lib/gcc-lib/i386-redhat-linux/3.2/crtend.o

.gcc_except_table
 *(.gcc_except_table)

.dynamic        0x080494d8       0xc8
 *(.dynamic)
 .dynamic       0x080494d8       0xc8 /usr/lib/gcc-lib/i386-redhat-linux/3.2/../../../crt1.o
                0x080494d8                _DYNAMIC

.ctors          0x080495a0        0x8
 *crtbegin.o(.ctors)
 *(EXCLUDE_FILE(*crtend.o) .ctors)
 .ctors         0x080495a0        0x4 /usr/lib/gcc-lib/i386-redhat-linux/3.2/crtbegin.o
 *(SORT(.ctors.*))
 *(.ctors)
 .ctors         0x080495a4        0x4 /usr/lib/gcc-lib/i386-redhat-linux/3.2/crtend.o

.dtors          0x080495a8        0x8
 *crtbegin.o(.dtors)
 *(EXCLUDE_FILE(*crtend.o) .dtors)
 .dtors         0x080495a8        0x4 /usr/lib/gcc-lib/i386-redhat-linux/3.2/crtbegin.o
 *(SORT(.dtors.*))
 *(.dtors)
 .dtors         0x080495ac        0x4 /usr/lib/gcc-lib/i386-redhat-linux/3.2/crtend.o

.jcr            0x080495b0        0x4
 *(.jcr)
 .jcr           0x080495b0        0x4 /usr/lib/gcc-lib/i386-redhat-linux/3.2/crtend.o

.got            0x080495b4       0x1c
 *(.got.plt)
 .got.plt       0x080495b4       0x18 /usr/lib/gcc-lib/i386-redhat-linux/3.2/../../../crt1.o
                0x080495b4                _GLOBAL_OFFSET_TABLE_
 *(.got)
 .got           0x080495cc        0x4 /usr/lib/gcc-lib/i386-redhat-linux/3.2/../../../crt1.o
                0x080495d0                _edata = .
                0x080495d0                PROVIDE (edata, .)
                0x080495d0                __bss_start = .

.bss            0x080495d0        0x4
 *(.dynbss)
 *(.bss .bss.* .gnu.linkonce.b.*)
 .bss           0x080495d0        0x1 /usr/lib/gcc-lib/i386-redhat-linux/3.2/crtbegin.o
 *fill*         0x080495d1        0x3 00
 *(COMMON)
                0x080495d4                . = ALIGN (0x4)
                0x080495d4                . = ALIGN (0x4)
                0x080495d4                _end = .
                0x080495d4                PROVIDE (end, .)
                0x080495d4                . = DATA_SEGMENT_END (.)

.stab
 *(.stab)

.stabstr
 *(.stabstr)

.stab.excl
 *(.stab.excl)

.stab.exclstr
 *(.stab.exclstr)

.stab.index
 *(.stab.index)

.stab.indexstr
 *(.stab.indexstr)

.comment        0x00000000      0x132
 *(.comment)
 .comment       0x00000000       0x33 /usr/lib/gcc-lib/i386-redhat-linux/3.2/../../../crt1.o
 .comment       0x00000033       0x33 /usr/lib/gcc-lib/i386-redhat-linux/3.2/../../../crti.o
 .comment       0x00000066       0x33 /usr/lib/gcc-lib/i386-redhat-linux/3.2/crtbegin.o
 .comment       0x00000099       0x33 /tmp/cc58ubPf.o
 .comment       0x000000cc       0x33 /usr/lib/gcc-lib/i386-redhat-linux/3.2/crtend.o
 .comment       0x000000ff       0x33 /usr/lib/gcc-lib/i386-redhat-linux/3.2/../../../crtn.o

.debug
 *(.debug)

.line
 *(.line)

.debug_srcinfo
 *(.debug_srcinfo)

.debug_sfnames
 *(.debug_sfnames)

.debug_aranges  0x00000000       0x78
 *(.debug_aranges)
 .debug_aranges
                0x00000000       0x30 /usr/lib/gcc-lib/i386-redhat-linux/3.2/../../../crti.o
 .debug_aranges
                0x00000030       0x20 /tmp/cc58ubPf.o
 .debug_aranges
                0x00000050       0x28 /usr/lib/gcc-lib/i386-redhat-linux/3.2/../../../crtn.o

.debug_pubnames
                0x00000000       0x53
 *(.debug_pubnames)
 .debug_pubnames
                0x00000000       0x25 /usr/lib/gcc-lib/i386-redhat-linux/3.2/../../../crt1.o
 .debug_pubnames
                0x00000025       0x2e /tmp/cc58ubPf.o

.debug_info     0x00000000     0x1abb
 *(.debug_info .gnu.linkonce.wi.*)
 .debug_info    0x00000000      0xbd7 /usr/lib/gcc-lib/i386-redhat-linux/3.2/../../../crt1.o
 .debug_info    0x00000bd7       0x57 /usr/lib/gcc-lib/i386-redhat-linux/3.2/../../../crti.o
 .debug_info    0x00000c2e      0xe36 /tmp/cc58ubPf.o
 .debug_info    0x00001a64       0x57 /usr/lib/gcc-lib/i386-redhat-linux/3.2/../../../crtn.o

.debug_abbrev   0x00000000      0x2aa
 *(.debug_abbrev)
 .debug_abbrev  0x00000000      0x10b /usr/lib/gcc-lib/i386-redhat-linux/3.2/../../../crt1.o
 .debug_abbrev  0x0000010b        0xe /usr/lib/gcc-lib/i386-redhat-linux/3.2/../../../crti.o
 .debug_abbrev  0x00000119      0x183 /tmp/cc58ubPf.o
 .debug_abbrev  0x0000029c        0xe /usr/lib/gcc-lib/i386-redhat-linux/3.2/../../../crtn.o

.debug_line     0x00000000      0x389
 *(.debug_line)
 .debug_line    0x00000000      0x133 /usr/lib/gcc-lib/i386-redhat-linux/3.2/../../../crt1.o
 .debug_line    0x00000133       0x71 /usr/lib/gcc-lib/i386-redhat-linux/3.2/../../../crti.o
 .debug_line    0x000001a4      0x197 /tmp/cc58ubPf.o
 .debug_line    0x0000033b       0x4e /usr/lib/gcc-lib/i386-redhat-linux/3.2/../../../crtn.o

.debug_frame    0x00000000       0x74
 *(.debug_frame)
 .debug_frame   0x00000000       0x14 /usr/lib/gcc-lib/i386-redhat-linux/3.2/../../../crt1.o
 .debug_frame   0x00000014       0x60 /tmp/cc58ubPf.o

.debug_str      0x00000000      0xb95
 *(.debug_str)
 .debug_str     0x00000000      0x98a /usr/lib/gcc-lib/i386-redhat-linux/3.2/../../../crt1.o
                                0x9db (size before relaxing)
 .debug_str     0x0000098a      0x20b /tmp/cc58ubPf.o
                                0xab1 (size before relaxing)

.debug_loc
 *(.debug_loc)

.debug_macinfo
 *(.debug_macinfo)

.debug_weaknames
 *(.debug_weaknames)

.debug_funcnames
 *(.debug_funcnames)

.debug_typenames
 *(.debug_typenames)

.debug_varnames
 *(.debug_varnames)
OUTPUT(fun elf32-i386)
